<?xml version="1.0" encoding="utf-8"?>
<feed xmlns="http://www.w3.org/2005/Atom">

  <title><![CDATA[Tag: ntfs | Keen on Art of Tech]]></title>
  <link href="http://lkunxyz.github.com/tags/ntfs/atom.xml" rel="self"/>
  <link href="http://lkunxyz.github.com/"/>
  <updated>2013-01-01T20:55:27+08:00</updated>
  <id>http://lkunxyz.github.com/</id>
  <author>
    <name><![CDATA[Tiny]]></name>
    <email><![CDATA[admin@tinyxd.me]]></email>
  </author>
  <generator uri="http://octopress.org/">Octopress</generator>

  
  <entry>
    <title type="html"><![CDATA[让Debian支持ntfs文件系统读写]]></title>
    <link href="http://lkunxyz.github.com/blog/2012/06/30/debian-ntfs-filesysterm/"/>
    <updated>2012-06-30T15:45:00+08:00</updated>
    <id>http://lkunxyz.github.com/blog/2012/06/30/debian-ntfs-filesysterm</id>
    <content type="html"><![CDATA[<p>刚装好debian发现在debian下往windows盘下拷贝不过去资料，上网查了些资料发现是因为不知道ntfs的读写。 <br/>
查看我的版本号6.0.5</p>

<pre><code>#more /etc/debian_version   
6.0.5   
</code></pre>

<p>我的Debian系统: 6.0.5 <br/>
要是用的软件使用软件:ntfs-3g <br/>
1.修改默认源 <br/>
因为我们学校有自己的源，故而修改成我们学校的源，而后进行更新</p>

<pre><code>apt-get update   
</code></pre>

<!--more-->


<p>2.执行安装 <br/>
执行命令:</p>

<pre><code>apt-get install ntfs-3g   
</code></pre>

<p>3.使用 <br/>
直接使用执行命令:</p>

<pre><code>mount -t ntfs-3g /dev/hdax /mnt/windows   
</code></pre>

<p>这里的/dev/hdax 请改为你自己的windows磁盘分区，可利用fdisk -l 查看。  <br/>
如下： <br/>
``` <br/>
debian:/mnt# fdisk -l
Disk /dev/sda: 500.1 GB, 500107862016 bytes
255 heads, 63 sectors/track, 60801 cylinders
Units = cylinders of 16065 * 512 = 8225280 bytes
Sector size (logical/physical): 512 bytes / 512 bytes
I/O size (minimum/optimal): 512 bytes / 512 bytes
Disk identifier: 0x559ed1e5</p>

<p>  Device Boot      Start         End      Blocks   Id  System
/dev/sda1               1        6528    52436128+   7  HPFS/NTFS
/dev/sda2            6529       60802   435949345+   f  W95 Ext'd (LBA)
/dev/sda5            6529       24543   144705456    7  HPFS/NTFS
/dev/sda6           24544       42558   144705456    7  HPFS/NTFS
/dev/sda7           42559       53060    84357283+   7  HPFS/NTFS
/dev/sda8           53061       53321     2096451    b  W95 FAT32
/dev/sda9   *       53322       53346      194560   83  Linux
/dev/sda10          53346       53589     1951744   82  Linux swap / Solaris
/dev/sda11          53589       55413    14647296   83  Linux
/dev/sda12          55413       60802    43287552   83  Linux <br/>
```</p>

<p>如果是加入开机自动映射的话，编辑/etc/fstab,加入如下内容就可以了。</p>

<pre><code>/dev/hdax /mnt/windows ntfs-3g defaults 0 0   
</code></pre>

<p>下面是我的系统加载NTFS文件系统的相关命令：</p>

<pre><code>mount -t ntfs-3g /dev/sda6 /mnt/D
mount -t ntfs-3g /dev/sda7 /mnt/E   
</code></pre>

<p>以上文章是对网上搜集的资料的整理。如需转载请注明出处，本文地址： <br/>
<code>http://tinyxd.me/blog/2012/06/30/debian-ntfs-filesysterm/</code></p>
]]></content>
  </entry>
  
</feed>
